CPU time passed (# instructions): 1488
Calendar time: 0
ctime(): Thu Jan  1 00:00:00 1970

gmtime():	[YY=70 MM=0 DOY=0 hh=0 mm=0 ss=0]
localtime():	[YY=70 MM=0 DOY=0 hh=0 mm=0 ss=0]
0 -> 0
asctime(): Thu Jan  1 00:00:00 1970

strftime(): Thu Jan  1 00:00:00 1970
clock_getres: s:1 ns:0
clock_gettime: s:15 ns:0